../Drivers/CMSIS/Include/core_cm4.h:1688:22:__NVIC_EnableIRQ	16	static
../Core/Src/uart.c:33:5:__io_putchar	16	static
../Core/Src/uart.c:39:6:dma1_stream6_init	24	static
../Core/Src/uart.c:91:6:uart2_rxtx_init	8	static
../Core/Src/uart.c:135:6:uart2_rx_interrupt_init	8	static
../Core/Src/uart.c:185:6:uart2_tx_init	8	static
../Core/Src/uart.c:216:6:uart2_read	4	static
../Core/Src/uart.c:225:6:uart2_write	16	static
../Core/Src/uart.c:234:13:uart_set_baudrate	24	static
../Core/Src/uart.c:239:17:compute_uart_bd	16	static
